// Jest Snapshot v1, https://goo.gl/fbAQLP

exports[`[KnowledgeSidebarUI] Renders knowledge-sidebar correctly and matches snapshot 1`] = `
<DocumentFragment>
  <div
    class="knowledge-sidebar"
  >
    <div
      class="knowledge-sidebar__body-slider"
    >
      <button
        aria-label="Previous card"
        class="knowledge-sidebar__button"
        data-cy="card-btn-left"
      >
        <svg
          fill="none"
          height="24"
          viewBox="0 0 24 24"
          width="24"
          xmlns="http://www.w3.org/2000/svg"
        >
          <path
            d="M15 18L9 12L15 6"
            stroke="currentColor"
            stroke-linecap="round"
            stroke-linejoin="round"
            stroke-width="2"
          />
        </svg>
      </button>
      <div
        aria-live="polite"
        class="knowledge-sidebar__content"
      >
        <div
          class="knowledge-sidebar__card fade-in"
        >
          <span
            class="knowledge-sidebar__skill"
            data-cy="card-title"
          >
            React
          </span>
        </div>
      </div>
      <button
        aria-label="Next card"
        class="knowledge-sidebar__button"
        data-cy="card-btn-right"
      >
        <svg
          fill="none"
          height="24"
          viewBox="0 0 24 24"
          width="24"
          xmlns="http://www.w3.org/2000/svg"
        >
          <path
            d="M9 18L15 12L9 6"
            stroke="currentColor"
            stroke-linecap="round"
            stroke-linejoin="round"
            stroke-width="2"
          />
        </svg>
      </button>
    </div>
    <footer
      aria-live="polite"
      class="knowledge-sidebar__stack-discription"
    >
      <span
        class="fade-in"
      >
        Experience in SPA development. I work confidently with hooks, components, and routing.
      </span>
      <div
        class="knowledge-sidebar__stack-arrow"
      >
        &gt;
      </div>
    </footer>
  </div>
</DocumentFragment>
`;
