// Jest Snapshot v1, https://goo.gl/fbAQLP

exports[`[CommonPageUI] Renders common-page correctly and matches snapshot 1`] = `
<DocumentFragment>
  <main
    class="main"
  >
    <section
      class="main__section-bg styles"
    >
      <p>
        page-test
      </p>
    </section>
  </main>
</DocumentFragment>
`;
