// Jest Snapshot v1, https://goo.gl/fbAQLP

exports[`[AppHeaderUI]: test render Renders header correctly and matches snapshot 1`] = `
<DocumentFragment>
  <header
    class="header"
  >
    <div
      class="header__container"
    >
      <div
        class="header__inside-wrapper"
      >
        <div
          class="header__brand"
        >
          <a
            class="header__logo"
            data-cy="link-portfolio"
            data-discover="true"
            data-text="portfolio"
            href="/"
          >
            portfolio
          </a>
        </div>
        <nav
          class="header__nav"
        >
          <ul
            class="header__menu"
          >
            <li
              class="header__menuItem"
            >
              <a
                class="header__link"
                data-discover="true"
                href="/"
              >
                About Me
              </a>
            </li>
            <li
              class="header__menu-item"
            >
              <a
                class="header__link"
                data-discover="true"
                href="/portfolio"
              >
                portfolio
              </a>
            </li>
            <li
              class="header__menu-item"
            >
              <a
                class="header__link"
                download="kirill-doroshev-resume.pdf"
                href="test-resume.pdf"
              >
                download resume
              </a>
            </li>
            <li
              class="header__menu-item"
            >
              <div
                class="header__icons"
              >
                <div
                  style="display: flex; gap: 16px;"
                />
              </div>
            </li>
          </ul>
        </nav>
        <div
          class="header__mobile-menu"
        >
          <button
            class="header__burger-button"
          >
            â˜°
          </button>
        </div>
      </div>
    </div>
  </header>
</DocumentFragment>
`;
