// Jest Snapshot v1, https://goo.gl/fbAQLP

exports[`[Preloader] Renders preloader correctly and matches snapshot 1`] = `
<DocumentFragment>
  <div
    class="preloader"
  >
    <div
      class="preloader-circle"
    />
  </div>
</DocumentFragment>
`;
