// Jest Snapshot v1, https://goo.gl/fbAQLP

exports[`[NotFound404] Renders not-found-404 correctly and matches snapshot 1`] = `
<DocumentFragment>
  <h3
    class="pb-6 text text_type_main-large"
  >
    Страница не найдена. Ошибка 404.
  </h3>
</DocumentFragment>
`;
