// Jest Snapshot v1, https://goo.gl/fbAQLP

exports[`[Header] renders header correctly and matches snapshot 1`] = `
<div>
  <header
    class="header"
  >
    <div
      class="header__container-default
				header__container
			"
    >
      <div
        class="header__inside-wrapper"
      >
        <div
          class="header__brand"
        >
          <span
            class="header__link"
            style="cursor: pointer;"
          >
            portfolio
          </span>
        </div>
        <nav
          class="header__nav"
        >
          <ul
            class="header__menu"
          >
            <li
              class="header__menuItem"
            >
              <span
                class="header__link"
                style="cursor: pointer;"
              >
                about Me
              </span>
            </li>
            <li
              class="header__menuItem"
            >
              <span
                class="header__link"
                style="cursor: pointer;"
              >
                sketches
              </span>
            </li>
            <li
              class="header__menu-item"
            >
              <span
                class="header__link"
                style="cursor: pointer;"
              >
                portfolio
              </span>
            </li>
            <li
              class="header__menu-item"
            >
              <a
                class="header__link"
                download="kirill-doroshev-resume.pdf"
                href="test-resume.pdf"
              >
                download resume
              </a>
            </li>
          </ul>
        </nav>
        <div
          class="header__mobile-menu"
        >
          <button
            class="header__burger-button"
          >
            â˜°
          </button>
        </div>
      </div>
    </div>
  </header>
</div>
`;
